// Jest Snapshot v1, https://goo.gl/fbAQLP

exports[`Pruebas en <GifExpertApp /> Debe mostrar el componente correctamente 1`] = `
<Fragment>
  <h2>
    GifExpertApp
  </h2>
  <AddCategory
    setCategories={[Function]}
  />
  <hr />
  <div />
</Fragment>
`;

exports[`Pruebas en <GifExpertApp /> Debe mostrar una lista de categor√≠as 1`] = `
<Fragment>
  <h2>
    GifExpertApp
  </h2>
  <AddCategory
    setCategories={[Function]}
  />
  <hr />
  <div>
    <GifGrid
      category="One Punch Man"
      key="One Punch Man"
    />
    <GifGrid
      category="Samurai Jack"
      key="Samurai Jack"
    />
  </div>
</Fragment>
`;
